------------------------------------------------------------
TimeQuest Timing Analyzer Summary
------------------------------------------------------------

Type  : Slow 1200mV 85C Model Setup 'SM1:sequenciador|fstate.ajustaUM'
Slack : -9.087
TNS   : -35.600

Type  : Slow 1200mV 85C Model Setup 'CLOCK_50'
Slack : -7.496
TNS   : -341.058

Type  : Slow 1200mV 85C Model Hold 'CLOCK_50'
Slack : 0.255
TNS   : 0.000

Type  : Slow 1200mV 85C Model Hold 'SM1:sequenciador|fstate.ajustaUM'
Slack : 0.356
TNS   : 0.000

Type  : Slow 1200mV 85C Model Recovery 'CLOCK_50'
Slack : -3.187
TNS   : -62.769

Type  : Slow 1200mV 85C Model Recovery 'KEY[0]'
Slack : -1.398
TNS   : -1.398

Type  : Slow 1200mV 85C Model Removal 'KEY[0]'
Slack : 1.394
TNS   : 0.000

Type  : Slow 1200mV 85C Model Removal 'CLOCK_50'
Slack : 1.644
TNS   : 0.000

Type  : Slow 1200mV 85C Model Minimum Pulse Width 'CLOCK_50'
Slack : -3.000
TNS   : -112.225

Type  : Slow 1200mV 85C Model Minimum Pulse Width 'KEY[0]'
Slack : -3.000
TNS   : -4.285

Type  : Slow 1200mV 85C Model Minimum Pulse Width 'SM1:sequenciador|fstate.ajustaUM'
Slack : -0.622
TNS   : -13.749

Type  : Slow 1200mV 0C Model Setup 'SM1:sequenciador|fstate.ajustaUM'
Slack : -8.493
TNS   : -33.421

Type  : Slow 1200mV 0C Model Setup 'CLOCK_50'
Slack : -6.825
TNS   : -304.867

Type  : Slow 1200mV 0C Model Hold 'CLOCK_50'
Slack : 0.212
TNS   : 0.000

Type  : Slow 1200mV 0C Model Hold 'SM1:sequenciador|fstate.ajustaUM'
Slack : 0.344
TNS   : 0.000

Type  : Slow 1200mV 0C Model Recovery 'CLOCK_50'
Slack : -2.852
TNS   : -55.254

Type  : Slow 1200mV 0C Model Recovery 'KEY[0]'
Slack : -1.096
TNS   : -1.096

Type  : Slow 1200mV 0C Model Removal 'KEY[0]'
Slack : 1.031
TNS   : 0.000

Type  : Slow 1200mV 0C Model Removal 'CLOCK_50'
Slack : 1.473
TNS   : 0.000

Type  : Slow 1200mV 0C Model Minimum Pulse Width 'CLOCK_50'
Slack : -3.000
TNS   : -112.225

Type  : Slow 1200mV 0C Model Minimum Pulse Width 'KEY[0]'
Slack : -3.000
TNS   : -4.285

Type  : Slow 1200mV 0C Model Minimum Pulse Width 'SM1:sequenciador|fstate.ajustaUM'
Slack : -0.498
TNS   : -10.871

Type  : Fast 1200mV 0C Model Setup 'SM1:sequenciador|fstate.ajustaUM'
Slack : -4.399
TNS   : -17.227

Type  : Fast 1200mV 0C Model Setup 'CLOCK_50'
Slack : -3.306
TNS   : -127.938

Type  : Fast 1200mV 0C Model Hold 'CLOCK_50'
Slack : -0.044
TNS   : -0.044

Type  : Fast 1200mV 0C Model Hold 'SM1:sequenciador|fstate.ajustaUM'
Slack : 0.122
TNS   : 0.000

Type  : Fast 1200mV 0C Model Recovery 'CLOCK_50'
Slack : -1.236
TNS   : -22.082

Type  : Fast 1200mV 0C Model Recovery 'KEY[0]'
Slack : -0.494
TNS   : -0.494

Type  : Fast 1200mV 0C Model Removal 'CLOCK_50'
Slack : 0.766
TNS   : 0.000

Type  : Fast 1200mV 0C Model Removal 'KEY[0]'
Slack : 0.779
TNS   : 0.000

Type  : Fast 1200mV 0C Model Minimum Pulse Width 'CLOCK_50'
Slack : -3.000
TNS   : -107.391

Type  : Fast 1200mV 0C Model Minimum Pulse Width 'KEY[0]'
Slack : -3.000
TNS   : -4.957

Type  : Fast 1200mV 0C Model Minimum Pulse Width 'SM1:sequenciador|fstate.ajustaUM'
Slack : -0.197
TNS   : -1.955

------------------------------------------------------------
