------------------------------------------------------------
TimeQuest Timing Analyzer Summary
------------------------------------------------------------

Type  : Slow 1200mV 85C Model Setup 'CLOCK_50'
Slack : -4.907
TNS   : -261.224

Type  : Slow 1200mV 85C Model Hold 'CLOCK_50'
Slack : 0.633
TNS   : 0.000

Type  : Slow 1200mV 85C Model Recovery 'CLOCK_50'
Slack : -1.331
TNS   : -24.939

Type  : Slow 1200mV 85C Model Removal 'CLOCK_50'
Slack : 0.985
TNS   : 0.000

Type  : Slow 1200mV 85C Model Minimum Pulse Width 'CLOCK_50'
Slack : -3.000
TNS   : -89.095

Type  : Slow 1200mV 0C Model Setup 'CLOCK_50'
Slack : -4.420
TNS   : -233.083

Type  : Slow 1200mV 0C Model Hold 'CLOCK_50'
Slack : 0.578
TNS   : 0.000

Type  : Slow 1200mV 0C Model Recovery 'CLOCK_50'
Slack : -1.104
TNS   : -20.132

Type  : Slow 1200mV 0C Model Removal 'CLOCK_50'
Slack : 0.884
TNS   : 0.000

Type  : Slow 1200mV 0C Model Minimum Pulse Width 'CLOCK_50'
Slack : -3.000
TNS   : -89.095

Type  : Fast 1200mV 0C Model Setup 'CLOCK_50'
Slack : -1.876
TNS   : -91.175

Type  : Fast 1200mV 0C Model Hold 'CLOCK_50'
Slack : 0.288
TNS   : 0.000

Type  : Fast 1200mV 0C Model Recovery 'CLOCK_50'
Slack : -0.154
TNS   : -1.680

Type  : Fast 1200mV 0C Model Removal 'CLOCK_50'
Slack : 0.481
TNS   : 0.000

Type  : Fast 1200mV 0C Model Minimum Pulse Width 'CLOCK_50'
Slack : -3.000
TNS   : -89.756

------------------------------------------------------------
